\BOOKMARK [0][-]{section*.1}{\376\377\000D\000e\000c\000l\000a\000r\000a\000t\000i\000o\000n\000\040\000o\000f\000\040\000A\000u\000t\000h\000o\000r\000s\000h\000i\000p}{}% 1
\BOOKMARK [0][-]{section*.2}{\376\377\000A\000b\000s\000t\000r\000a\000c\000t}{}% 2
\BOOKMARK [0][-]{section*.3}{\376\377\000A\000c\000k\000n\000o\000w\000l\000e\000d\000g\000e\000m\000e\000n\000t\000s}{}% 3
\BOOKMARK [0][-]{chapter.8}{\376\377\000I\000n\000t\000r\000o\000d\000u\000c\000t\000i\000o\000n}{}% 4
\BOOKMARK [1][-]{section.9}{\376\377\000T\000h\000e\000\040\000n\000e\000e\000d\000\040\000f\000o\000r\000\040\000R\000e\000l\000i\000a\000b\000l\000e\000\040\000W\000a\000v\000e\000\040\000F\000o\000r\000e\000c\000a\000s\000t\000i\000n\000g}{chapter.8}% 5
\BOOKMARK [1][-]{section.10}{\376\377\000P\000r\000e\000v\000i\000o\000u\000s\000\040\000w\000o\000r\000k\000\040\000o\000n\000\040\000D\000A\000\040\000f\000o\000r\000\040\000W\000a\000v\000e\000\040\000F\000o\000r\000e\000c\000a\000s\000t\000s}{chapter.8}% 6
\BOOKMARK [1][-]{section.12}{\376\377\000A\000i\000m\000s\000\040\000o\000f\000\040\000t\000h\000e\000\040\000P\000r\000o\000j\000e\000c\000t}{chapter.8}% 7
\BOOKMARK [0][-]{chapter.13}{\376\377\000T\000h\000e\000o\000r\000y}{}% 8
\BOOKMARK [1][-]{section.14}{\376\377\000O\000c\000e\000a\000n\000\040\000W\000a\000v\000e\000s}{chapter.13}% 9
\BOOKMARK [2][-]{subsection.15}{\376\377\000P\000h\000y\000s\000i\000c\000a\000l\000\040\000P\000r\000o\000c\000e\000s\000s\000e\000s}{section.14}% 10
\BOOKMARK [2][-]{subsection.17}{\376\377\000L\000i\000n\000e\000a\000r\000\040\000W\000a\000v\000e\000\040\000T\000h\000e\000o\000r\000y}{section.14}% 11
\BOOKMARK [2][-]{subsection.24}{\376\377\000W\000a\000v\000e\000\040\000S\000p\000e\000c\000t\000r\000a}{section.14}% 12
\BOOKMARK [2][-]{subsection.33}{\376\377\000V\000e\000c\000t\000o\000r\000\040\000R\000e\000p\000r\000e\000s\000e\000n\000t\000a\000t\000i\000o\000n\000s\000\040\000a\000n\000d\000\040\000C\000o\000s\000t\000\040\000F\000u\000n\000c\000t\000i\000o\000n}{section.14}% 13
\BOOKMARK [2][-]{subsection.34}{\376\377\000V\000e\000c\000t\000o\000r\000\040\000R\000e\000p\000r\000e\000s\000e\000n\000t\000a\000t\000i\000o\000n\000s\000\040\000a\000n\000d\000\040\000C\000o\000s\000t\000\040\000F\000u\000n\000c\000t\000i\000o\000n}{section.14}% 14
\BOOKMARK [2][-]{subsection.40}{\376\377\000K\000a\000l\000m\000a\000n\000\040\000F\000i\000l\000t\000e\000r\000s}{section.14}% 15
\BOOKMARK [2][-]{subsection.49}{\376\377\000P\000r\000a\000c\000t\000i\000c\000a\000l\000\040\000A\000s\000p\000e\000c\000t\000s}{section.14}% 16
\BOOKMARK [2][-]{subsection.51}{\376\377\000\050\000D\000e\000s\000c\000r\000i\000p\000t\000i\000o\000n\000\040\000o\000f\000\040\0004\000D\000E\000n\000V\000a\000r\000\040\000-\000\040\000m\000a\000y\000\040\000n\000o\000t\000\040\000b\000e\000\040\000n\000e\000e\000d\000e\000d\000\051}{section.14}% 17
\BOOKMARK [0][-]{chapter.56}{\376\377\000E\000x\000p\000e\000r\000i\000m\000e\000n\000t\000a\000l\000\040\000S\000e\000t\000u\000p}{}% 18
\BOOKMARK [1][-]{section.57}{\376\377\000M\000o\000d\000e\000l\000\040\000D\000e\000s\000c\000r\000i\000p\000t\000i\000o\000n\000\040\000a\000n\000d\000\040\000D\000o\000m\000a\000i\000n}{chapter.56}% 19
\BOOKMARK [1][-]{section.61}{\376\377\000B\000a\000c\000k\000g\000r\000o\000u\000n\000d\000\040\000S\000t\000a\000t\000e\000\040\000a\000n\000d\000\040\000C\000l\000i\000m\000a\000t\000o\000l\000o\000g\000y}{chapter.56}% 20
\BOOKMARK [2][-]{subsection.62}{\376\377\000M\000o\000d\000e\000l\000\040\000B\000a\000c\000k\000g\000r\000o\000u\000n\000d\000\040\000S\000t\000a\000t\000e}{section.61}% 21
\BOOKMARK [2][-]{subsection.68}{\376\377\000C\000l\000i\000m\000a\000t\000o\000l\000o\000g\000y\000\040\000a\000t\000\040\000B\000u\000o\000y\000\040\000L\000o\000c\000a\000t\000i\000o\000n}{section.61}% 22
\BOOKMARK [1][-]{section.71}{\376\377\000A\000D\000C\000P\000\040\000O\000b\000s\000e\000r\000v\000a\000t\000i\000o\000n\000s}{chapter.56}% 23
\BOOKMARK [2][-]{subsection.73}{\376\377\000D\000i\000a\000g\000n\000o\000s\000i\000s\000\040\000o\000f\000\040\000O\000b\000s\000e\000r\000v\000a\000t\000i\000o\000n\000\040\000E\000r\000r\000o\000r\000s}{section.71}% 24
\BOOKMARK [1][-]{section.80}{\376\377\000T\000w\000i\000n\000\040\000E\000x\000p\000e\000r\000i\000m\000e\000n\000t}{chapter.56}% 25
\BOOKMARK [1][-]{section.81}{\376\377\000D\000a\000t\000a\000\040\000A\000s\000s\000i\000m\000i\000l\000a\000t\000i\000o\000n\000\040\000S\000e\000t\000u\000p}{chapter.56}% 26
\BOOKMARK [0][-]{chapter.83}{\376\377\000R\000e\000s\000u\000l\000t\000s}{}% 27
\BOOKMARK [1][-]{section.86}{\376\377\000R\000M\000S\000E}{chapter.83}% 28
\BOOKMARK [1][-]{section.90}{\376\377\000C\000o\000r\000r\000e\000l\000a\000t\000i\000o\000n}{chapter.83}% 29
\BOOKMARK [1][-]{section.91}{\376\377\000E\000n\000s\000e\000m\000b\000l\000e\000\040\000S\000p\000r\000e\000a\000d}{chapter.83}% 30
\BOOKMARK [1][-]{section.95}{\376\377\000E\000r\000r\000o\000r\000s\000\040\000i\000n\000\040\000M\000a\000x\000i\000m\000u\000m\000\040\000H\000s}{chapter.83}% 31
\BOOKMARK [1][-]{section.98}{\376\377\000I\000n\000c\000r\000e\000m\000e\000n\000t\000s}{chapter.83}% 32
\BOOKMARK [0][-]{appendix.100}{\376\377\000F\000r\000e\000q\000u\000e\000n\000t\000l\000y\000\040\000A\000s\000k\000e\000d\000\040\000Q\000u\000e\000s\000t\000i\000o\000n\000s}{}% 33
\BOOKMARK [1][-]{section.101}{\376\377\000H\000o\000w\000\040\000d\000o\000\040\000I\000\040\000c\000h\000a\000n\000g\000e\000\040\000t\000h\000e\000\040\000c\000o\000l\000o\000r\000s\000\040\000o\000f\000\040\000l\000i\000n\000k\000s\000?}{appendix.100}% 34
\BOOKMARK [0][-]{appendix*.102}{\376\377\000B\000i\000b\000l\000i\000o\000g\000r\000a\000p\000h\000y}{}% 35
